// Jest Snapshot v1, https://goo.gl/fbAQLP

exports[`secure-credential-store update command should display the help 1`] = `
"
 COMMAND NAME
 ------------

   update | u

 DESCRIPTION
 -----------

   Updates all plain text profiles to be securely stored

 USAGE
 -----

   zowe secure-credential-store update [options]

 GLOBAL OPTIONS
 --------------

   --response-format-json  | --rfj (boolean)

      Produce JSON formatted data from a command

   --help  | -h (boolean)

      Display help text

   --help-examples  (boolean)

      Display examples for all the commands in a group

   --help-web  | --hw (boolean)

      Display HTML help in browser

{
  \\"success\\": true,
  \\"exitCode\\": 0,
  \\"message\\": \\"The help was constructed for command: update.\\",
  \\"stdout\\": \\"\\\\n COMMAND NAME\\\\n ------------\\\\n\\\\n   update | u\\\\n\\\\n DESCRIPTION\\\\n -----------\\\\n\\\\n   Updates all plain text profiles to be securely stored\\\\n\\\\n USAGE\\\\n -----\\\\n\\\\n   zowe secure-credential-store update [options]\\\\n\\\\n GLOBAL OPTIONS\\\\n --------------\\\\n\\\\n   --response-format-json  | --rfj (boolean)\\\\n\\\\n      Produce JSON formatted data from a command\\\\n\\\\n   --help  | -h (boolean)\\\\n\\\\n      Display help text\\\\n\\\\n   --help-examples  (boolean)\\\\n\\\\n      Display examples for all the commands in a group\\\\n\\\\n   --help-web  | --hw (boolean)\\\\n\\\\n      Display HTML help in browser\\\\n\\\\n\\",
  \\"stderr\\": \\"\\",
  \\"data\\": \\"\\\\n COMMAND NAME\\\\n ------------\\\\n\\\\n   update | u\\\\n\\\\n DESCRIPTION\\\\n -----------\\\\n\\\\n   Updates all plain text profiles to be securely stored\\\\n\\\\n USAGE\\\\n -----\\\\n\\\\n   zowe secure-credential-store update [options]\\\\n\\\\n GLOBAL OPTIONS\\\\n --------------\\\\n\\\\n   --response-format-json  | --rfj (boolean)\\\\n\\\\n      Produce JSON formatted data from a command\\\\n\\\\n   --help  | -h (boolean)\\\\n\\\\n      Display help text\\\\n\\\\n   --help-examples  (boolean)\\\\n\\\\n      Display examples for all the commands in a group\\\\n\\\\n   --help-web  | --hw (boolean)\\\\n\\\\n      Display HTML help in browser\\\\n\\\\n\\"
}"
`;

exports[`secure-credential-store update command should fail if secure credential manager not enabled 1`] = `
"Error:
Invalid credential manager setting

Possible Causes:
  Expected secure credential manager to be enabled

Resolutions:
  Run \\"zowe config set CredentialManager @zowe/secure-credential-store-for-zowe-cli\\"

"
`;

exports[`secure-credential-store update command should fail with invalid command 1`] = `
"Command Error:
Unknown argument: updateall
Command failed due to improper syntax
Command entered: \\"secure-credential-store updateall\\"
Use \\"zowe secure-credential-store --help\\" to view groups, commands, and options.
Error Details:
Unknown argument: updateall
"
`;
